// Jest Snapshot v1, https://goo.gl/fbAQLP

exports[`exit.php 1`] = `
<?php
exit("exit info");
exit(1);
~~~~~~~~~~~~~~~~~~~~~~~~~~~~~~~~~~~~~~~~~~~~~~~~~~~~~~~~~~~~~~~~~~~~~~~~~~~~~~~~
<?php
exit("exit info");
exit(1);
`;
